{"lsn":1,"timestamp":1789557313109239800,"operation":"CREATE_FILE","table":"__catalog","page_id":null,"slot_id":null,"details":{}}
{"lsn":2,"timestamp":1789557313111275600,"operation":"CREATE_FILE","table":"crud_demo","page_id":null,"slot_id":null,"details":{}}
{"lsn":3,"timestamp":1789557313316578900,"operation":"DROP_FILE","table":"__catalog","page_id":null,"slot_id":null,"details":{}}
{"lsn":4,"timestamp":1789557313317055500,"operation":"CREATE_FILE","table":"__catalog","page_id":null,"slot_id":null,"details":{}}
{"lsn":5,"timestamp":1789557313317365800,"operation":"HEADER_WRITE","table":"__catalog","page_id":null,"slot_id":null,"details":{}}
{"lsn":6,"timestamp":1789557313317567800,"operation":"ALLOCATE_PAGE","table":"__catalog","page_id":1,"slot_id":null,"details":{"reused":false}}
{"lsn":7,"timestamp":1789557313319101300,"operation":"RECORD_INSERT","table":"__catalog","page_id":1,"slot_id":0,"details":{"overflow":false}}
{"lsn":8,"timestamp":1789557313319507200,"operation":"HEADER_WRITE","table":"crud_demo","page_id":null,"slot_id":null,"details":{}}
{"lsn":9,"timestamp":1789557313319967200,"operation":"ALLOCATE_PAGE","table":"crud_demo","page_id":1,"slot_id":null,"details":{"reused":false}}
{"lsn":10,"timestamp":1789557313320195400,"operation":"RECORD_INSERT","table":"crud_demo","page_id":1,"slot_id":0,"details":{"overflow":false}}
{"lsn":11,"timestamp":1789557313320278500,"operation":"RECORD_INSERT","table":"crud_demo","page_id":1,"slot_id":1,"details":{"overflow":false}}
{"lsn":12,"timestamp":1789557313320333400,"operation":"RECORD_INSERT","table":"crud_demo","page_id":1,"slot_id":2,"details":{"overflow":false}}
{"lsn":13,"timestamp":1789557313320375300,"operation":"RECORD_INSERT","table":"crud_demo","page_id":1,"slot_id":3,"details":{"overflow":false}}
{"lsn":14,"timestamp":1789557313320414600,"operation":"RECORD_INSERT","table":"crud_demo","page_id":1,"slot_id":4,"details":{"overflow":false}}
{"lsn":15,"timestamp":1789557313320454600,"operation":"RECORD_INSERT","table":"crud_demo","page_id":1,"slot_id":5,"details":{"overflow":false}}
{"lsn":16,"timestamp":1789557313320488500,"operation":"RECORD_INSERT","table":"crud_demo","page_id":1,"slot_id":6,"details":{"overflow":false}}
{"lsn":17,"timestamp":1789557313320525900,"operation":"RECORD_INSERT","table":"crud_demo","page_id":1,"slot_id":7,"details":{"overflow":false}}
{"lsn":18,"timestamp":1789557313322465000,"operation":"RECORD_UPDATE","table":"crud_demo","page_id":1,"slot_id":0,"details":{"overflow":false}}
{"lsn":19,"timestamp":1789557313322705100,"operation":"RECORD_UPDATE","table":"crud_demo","page_id":1,"slot_id":2,"details":{"overflow":false}}
{"lsn":20,"timestamp":1789557313322962000,"operation":"RECORD_UPDATE","table":"crud_demo","page_id":1,"slot_id":4,"details":{"overflow":false}}
{"lsn":21,"timestamp":1789557313322999700,"operation":"RECORD_UPDATE","table":"crud_demo","page_id":1,"slot_id":5,"details":{"overflow":false}}
{"lsn":22,"timestamp":1789557313323028900,"operation":"RECORD_UPDATE","table":"crud_demo","page_id":1,"slot_id":6,"details":{"overflow":false}}
{"lsn":23,"timestamp":1789557313323055100,"operation":"RECORD_UPDATE","table":"crud_demo","page_id":1,"slot_id":7,"details":{"overflow":false}}
{"lsn":24,"timestamp":1789557313323307600,"operation":"RECORD_INSERT","table":"crud_demo","page_id":1,"slot_id":7,"details":{"overflow":false}}
{"lsn":25,"timestamp":1789557313323328100,"operation":"RECORD_UPDATE","table":"crud_demo","page_id":1,"slot_id":7,"details":{"moved":true}}
{"lsn":26,"timestamp":1789557313323545100,"operation":"RECORD_DELETE","table":"crud_demo","page_id":1,"slot_id":3,"details":{"overflow":false}}
{"lsn":27,"timestamp":1789557313323803300,"operation":"RECORD_DELETE","table":"crud_demo","page_id":1,"slot_id":0,"details":{"overflow":false}}
{"lsn":28,"timestamp":1789557313323829600,"operation":"RECORD_DELETE","table":"crud_demo","page_id":1,"slot_id":1,"details":{"overflow":false}}
{"lsn":29,"timestamp":1789557313323851000,"operation":"RECORD_DELETE","table":"crud_demo","page_id":1,"slot_id":6,"details":{"overflow":false}}
{"lsn":30,"timestamp":1789557313323870600,"operation":"RECORD_DELETE","table":"crud_demo","page_id":1,"slot_id":7,"details":{"overflow":false}}
{"lsn":31,"timestamp":1789557313324095700,"operation":"RECORD_DELETE","table":"crud_demo","page_id":1,"slot_id":4,"details":{"overflow":false}}
{"lsn":32,"timestamp":1789557313324676100,"operation":"PAGE_WRITE","table":"__catalog","page_id":1,"slot_id":null,"details":{"records":1,"dirty":true}}
{"lsn":33,"timestamp":1789557313324994600,"operation":"PAGE_WRITE","table":"crud_demo","page_id":1,"slot_id":null,"details":{"records":2,"dirty":true}}
